$ next build
   Γû▓ Next.js 15.5.12
   - Environments: .env

   Creating an optimized production build ...
 Γ£ô Compiled successfully in 6.1s
   Skipping validation of types
   Linting ...

Failed to compile.

./app/api/deployments/route.ts
86:54  Error: Unexpected any. Specify a different type.  @typescript-eslint/no-explicit-any

./src/hooks/use-toast.ts
18:7  Warning: 'actionTypes' is assigned a value but only used as a type.  @typescript-eslint/no-unused-vars

./src/services/deployment/deployment.service.ts
58:16  Error: Unexpected any. Specify a different type.  @typescript-eslint/no-explicit-any
59:18  Error: Unexpected any. Specify a different type.  @typescript-eslint/no-explicit-any

./src/services/stripe/stripe.service.ts
183:14  Warning: '_error' is defined but never used.  @typescript-eslint/no-unused-vars

info  - Need to disable some ESLint rules? Learn more here: https://nextjs.org/docs/app/api-reference/config/eslint#disabling-rules
error: script "build" exited with code 1
